// Jest Snapshot v1, https://goo.gl/fbAQLP

exports[`InputFields should render the empty component 1`] = `[Function]`;
